2026-10-02 23:42:01,901 - XAUUSD_Bot - INFO - Starting XAUUSD AI Signal Bot System...
2026-10-02 23:42:01,968 - XAUUSD_Bot - ERROR - Symbol XAUUSD not found on broker.
2026-10-02 23:42:01,968 - XAUUSD_Bot - ERROR - Failed to connect to MT5. Exiting...
2026-10-02 23:49:06,827 - XAUUSD_Bot - INFO - Starting XAUUSD AI Signal Bot System...
2026-10-02 23:49:06,851 - XAUUSD_Bot - INFO - Auto-resolved symbol 'XAUUSD' -> 'XAUUSDm'
2026-10-02 23:49:06,851 - XAUUSD_Bot - INFO - MT5 Connected successfully. Active Symbol: XAUUSDm
2026-10-02 23:50:50,002 - XAUUSD_Bot - INFO - Starting XAUUSD AI Signal Bot System...
2026-10-02 23:50:50,025 - XAUUSD_Bot - INFO - Auto-resolved symbol 'XAUUSD' -> 'XAUUSDm'
2026-10-02 23:50:50,026 - XAUUSD_Bot - INFO - MT5 Connected successfully. Active Symbol: XAUUSDm
2026-10-02 23:51:53,996 - XAUUSD_Bot - INFO - Starting XAUUSD AI Signal Bot System...
2026-10-02 23:51:54,029 - XAUUSD_Bot - INFO - Auto-resolved symbol 'XAUUSD' -> 'XAUUSDm'
2026-10-02 23:51:54,029 - XAUUSD_Bot - INFO - MT5 Connected successfully. Active Symbol: XAUUSDm
2026-10-02 23:52:53,211 - XAUUSD_Bot - INFO - Starting XAUUSD AI Signal Bot System...
2026-10-02 23:52:53,225 - XAUUSD_Bot - INFO - Auto-resolved symbol 'XAUUSD' -> 'XAUUSDm'
2026-10-02 23:52:53,225 - XAUUSD_Bot - INFO - MT5 Connected successfully. Active Symbol: XAUUSDm
2026-10-02 23:53:43,877 - XAUUSD_Bot - INFO - Starting XAUUSD AI Signal Bot System...
2026-10-02 23:53:43,892 - XAUUSD_Bot - INFO - Auto-resolved symbol 'XAUUSD' -> 'XAUUSDm'
2026-10-02 23:53:43,892 - XAUUSD_Bot - INFO - MT5 Connected successfully. Active Symbol: XAUUSDm
2026-10-02 23:56:22,988 - XAUUSD_Bot - INFO - Starting XAUUSD AI Signal Bot System...
2026-10-02 23:56:23,013 - XAUUSD_Bot - INFO - Auto-resolved symbol 'XAUUSD' -> 'XAUUSDm'
2026-10-02 23:56:23,013 - XAUUSD_Bot - INFO - MT5 Connected successfully. Active Symbol: XAUUSDm
2026-10-02 23:56:23,535 - apscheduler.scheduler - INFO - Adding job tentatively -- it will be properly scheduled when the scheduler starts
2026-10-02 23:56:23,535 - XAUUSD_Bot - INFO - Bot application running successfully...
2026-10-02 23:56:28,124 - httpx - INFO - HTTP Request: POST https://api.telegram.org/bot8565651889:AAGKP2zOxvb9q6tfkKnAgcaehuelknAsoXI/getMe "HTTP/1.1 200 OK"
2026-10-02 23:56:28,335 - httpx - INFO - HTTP Request: POST https://api.telegram.org/bot8565651889:AAGKP2zOxvb9q6tfkKnAgcaehuelknAsoXI/deleteWebhook "HTTP/1.1 200 OK"
2026-10-02 23:56:28,338 - apscheduler.scheduler - INFO - Added job "XAUUSD_15M_SIGNAL_JOB" to job store "default"
2026-10-02 23:56:28,338 - apscheduler.scheduler - INFO - Scheduler started
2026-10-02 23:56:28,339 - telegram.ext.Application - INFO - Application started
2026-10-02 23:56:33,551 - apscheduler.executors.default - INFO - Running job "XAUUSD_15M_SIGNAL_JOB (trigger: interval[0:15:00], next run at: 2026-10-02 17:11:33 UTC)" (scheduled at 2026-10-02 16:56:33.535544+00:00)
2026-10-02 23:56:33,553 - XAUUSD_Bot - INFO - Running scheduled market analysis on XAUUSDm...
2026-10-02 23:56:33,673 - XAUUSD_Bot - INFO - Market scan completed. Latest M15 Close: 4138.66
2026-10-02 23:56:33,673 - apscheduler.executors.default - INFO - Job "XAUUSD_15M_SIGNAL_JOB (trigger: interval[0:15:00], next run at: 2026-10-02 17:11:33 UTC)" executed successfully
2026-10-02 23:56:38,970 - httpx - INFO - HTTP Request: POST https://api.telegram.org/bot8565651889:AAGKP2zOxvb9q6tfkKnAgcaehuelknAsoXI/getUpdates "HTTP/1.1 200 OK"
2026-10-02 23:56:49,172 - httpx - INFO - HTTP Request: POST https://api.telegram.org/bot8565651889:AAGKP2zOxvb9q6tfkKnAgcaehuelknAsoXI/getUpdates "HTTP/1.1 200 OK"
2026-10-02 23:56:59,384 - httpx - INFO - HTTP Request: POST https://api.telegram.org/bot8565651889:AAGKP2zOxvb9q6tfkKnAgcaehuelknAsoXI/getUpdates "HTTP/1.1 200 OK"
2026-10-02 23:57:05,219 - httpx - INFO - HTTP Request: POST https://api.telegram.org/bot8565651889:AAGKP2zOxvb9q6tfkKnAgcaehuelknAsoXI/getUpdates "HTTP/1.1 200 OK"
2026-10-02 23:57:15,418 - httpx - INFO - HTTP Request: POST https://api.telegram.org/bot8565651889:AAGKP2zOxvb9q6tfkKnAgcaehuelknAsoXI/getUpdates "HTTP/1.1 200 OK"
2026-10-02 23:57:18,334 - httpx - INFO - HTTP Request: POST https://api.telegram.org/bot8565651889:AAGKP2zOxvb9q6tfkKnAgcaehuelknAsoXI/getUpdates "HTTP/1.1 200 OK"
2026-10-02 23:57:19,160 - httpx - INFO - HTTP Request: POST https://api.telegram.org/bot8565651889:AAGKP2zOxvb9q6tfkKnAgcaehuelknAsoXI/sendMessage "HTTP/1.1 200 OK"
2026-10-02 23:57:25,950 - httpx - INFO - HTTP Request: POST https://api.telegram.org/bot8565651889:AAGKP2zOxvb9q6tfkKnAgcaehuelknAsoXI/getUpdates "HTTP/1.1 200 OK"
2026-10-02 23:57:26,768 - httpx - INFO - HTTP Request: POST https://api.telegram.org/bot8565651889:AAGKP2zOxvb9q6tfkKnAgcaehuelknAsoXI/sendMessage "HTTP/1.1 200 OK"
2026-10-02 23:57:36,164 - httpx - INFO - HTTP Request: POST https://api.telegram.org/bot8565651889:AAGKP2zOxvb9q6tfkKnAgcaehuelknAsoXI/getUpdates "HTTP/1.1 200 OK"
2026-10-02 23:57:46,367 - httpx - INFO - HTTP Request: POST https://api.telegram.org/bot8565651889:AAGKP2zOxvb9q6tfkKnAgcaehuelknAsoXI/getUpdates "HTTP/1.1 200 OK"
2026-10-02 23:57:56,574 - httpx - INFO - HTTP Request: POST https://api.telegram.org/bot8565651889:AAGKP2zOxvb9q6tfkKnAgcaehuelknAsoXI/getUpdates "HTTP/1.1 200 OK"
2026-10-02 23:58:06,779 - httpx - INFO - HTTP Request: POST https://api.telegram.org/bot8565651889:AAGKP2zOxvb9q6tfkKnAgcaehuelknAsoXI/getUpdates "HTTP/1.1 200 OK"
2026-10-02 23:58:16,981 - httpx - INFO - HTTP Request: POST https://api.telegram.org/bot8565651889:AAGKP2zOxvb9q6tfkKnAgcaehuelknAsoXI/getUpdates "HTTP/1.1 200 OK"
2026-10-02 23:58:27,184 - httpx - INFO - HTTP Request: POST https://api.telegram.org/bot8565651889:AAGKP2zOxvb9q6tfkKnAgcaehuelknAsoXI/getUpdates "HTTP/1.1 200 OK"
2026-10-02 23:58:37,388 - httpx - INFO - HTTP Request: POST https://api.telegram.org/bot8565651889:AAGKP2zOxvb9q6tfkKnAgcaehuelknAsoXI/getUpdates "HTTP/1.1 200 OK"
2026-10-02 23:58:47,591 - httpx - INFO - HTTP Request: POST https://api.telegram.org/bot8565651889:AAGKP2zOxvb9q6tfkKnAgcaehuelknAsoXI/getUpdates "HTTP/1.1 200 OK"
2026-10-02 23:58:57,803 - httpx - INFO - HTTP Request: POST https://api.telegram.org/bot8565651889:AAGKP2zOxvb9q6tfkKnAgcaehuelknAsoXI/getUpdates "HTTP/1.1 200 OK"
2026-10-02 23:59:08,011 - httpx - INFO - HTTP Request: POST https://api.telegram.org/bot8565651889:AAGKP2zOxvb9q6tfkKnAgcaehuelknAsoXI/getUpdates "HTTP/1.1 200 OK"
2026-10-02 23:59:09,551 - httpx - INFO - HTTP Request: POST https://api.telegram.org/bot8565651889:AAGKP2zOxvb9q6tfkKnAgcaehuelknAsoXI/getUpdates "HTTP/1.1 200 OK"
2026-10-02 23:59:10,372 - httpx - INFO - HTTP Request: POST https://api.telegram.org/bot8565651889:AAGKP2zOxvb9q6tfkKnAgcaehuelknAsoXI/sendMessage "HTTP/1.1 200 OK"
2026-10-02 23:59:16,131 - httpx - INFO - HTTP Request: POST https://api.telegram.org/bot8565651889:AAGKP2zOxvb9q6tfkKnAgcaehuelknAsoXI/getUpdates "HTTP/1.1 200 OK"
2026-10-02 23:59:16,960 - httpx - INFO - HTTP Request: POST https://api.telegram.org/bot8565651889:AAGKP2zOxvb9q6tfkKnAgcaehuelknAsoXI/sendMessage "HTTP/1.1 200 OK"
2026-10-02 23:59:26,363 - httpx - INFO - HTTP Request: POST https://api.telegram.org/bot8565651889:AAGKP2zOxvb9q6tfkKnAgcaehuelknAsoXI/getUpdates "HTTP/1.1 200 OK"
2026-10-02 23:59:36,566 - httpx - INFO - HTTP Request: POST https://api.telegram.org/bot8565651889:AAGKP2zOxvb9q6tfkKnAgcaehuelknAsoXI/getUpdates "HTTP/1.1 200 OK"
2026-10-02 23:59:46,767 - httpx - INFO - HTTP Request: POST https://api.telegram.org/bot8565651889:AAGKP2zOxvb9q6tfkKnAgcaehuelknAsoXI/getUpdates "HTTP/1.1 200 OK"
2026-10-02 23:59:56,980 - httpx - INFO - HTTP Request: POST https://api.telegram.org/bot8565651889:AAGKP2zOxvb9q6tfkKnAgcaehuelknAsoXI/getUpdates "HTTP/1.1 200 OK"
2026-10-03 00:00:07,186 - httpx - INFO - HTTP Request: POST https://api.telegram.org/bot8565651889:AAGKP2zOxvb9q6tfkKnAgcaehuelknAsoXI/getUpdates "HTTP/1.1 200 OK"
2026-10-03 00:00:17,388 - httpx - INFO - HTTP Request: POST https://api.telegram.org/bot8565651889:AAGKP2zOxvb9q6tfkKnAgcaehuelknAsoXI/getUpdates "HTTP/1.1 200 OK"
2026-10-03 00:00:27,595 - httpx - INFO - HTTP Request: POST https://api.telegram.org/bot8565651889:AAGKP2zOxvb9q6tfkKnAgcaehuelknAsoXI/getUpdates "HTTP/1.1 200 OK"
2026-10-03 00:00:37,894 - httpx - INFO - HTTP Request: POST https://api.telegram.org/bot8565651889:AAGKP2zOxvb9q6tfkKnAgcaehuelknAsoXI/getUpdates "HTTP/1.1 200 OK"
2026-10-03 00:00:48,147 - httpx - INFO - HTTP Request: POST https://api.telegram.org/bot8565651889:AAGKP2zOxvb9q6tfkKnAgcaehuelknAsoXI/getUpdates "HTTP/1.1 200 OK"
2026-10-03 00:00:58,360 - httpx - INFO - HTTP Request: POST https://api.telegram.org/bot8565651889:AAGKP2zOxvb9q6tfkKnAgcaehuelknAsoXI/getUpdates "HTTP/1.1 200 OK"
2026-10-03 00:01:00,467 - httpx - INFO - HTTP Request: POST https://api.telegram.org/bot8565651889:AAGKP2zOxvb9q6tfkKnAgcaehuelknAsoXI/getUpdates "HTTP/1.1 200 OK"
2026-10-03 00:01:10,675 - httpx - INFO - HTTP Request: POST https://api.telegram.org/bot8565651889:AAGKP2zOxvb9q6tfkKnAgcaehuelknAsoXI/getUpdates "HTTP/1.1 200 OK"
2026-10-03 00:01:20,869 - httpx - INFO - HTTP Request: POST https://api.telegram.org/bot8565651889:AAGKP2zOxvb9q6tfkKnAgcaehuelknAsoXI/getUpdates "HTTP/1.1 200 OK"
2026-10-03 00:01:31,089 - httpx - INFO - HTTP Request: POST https://api.telegram.org/bot8565651889:AAGKP2zOxvb9q6tfkKnAgcaehuelknAsoXI/getUpdates "HTTP/1.1 200 OK"
2026-10-03 00:01:41,292 - httpx - INFO - HTTP Request: POST https://api.telegram.org/bot8565651889:AAGKP2zOxvb9q6tfkKnAgcaehuelknAsoXI/getUpdates "HTTP/1.1 200 OK"
2026-10-03 00:01:51,500 - httpx - INFO - HTTP Request: POST https://api.telegram.org/bot8565651889:AAGKP2zOxvb9q6tfkKnAgcaehuelknAsoXI/getUpdates "HTTP/1.1 200 OK"
2026-10-03 00:02:01,707 - httpx - INFO - HTTP Request: POST https://api.telegram.org/bot8565651889:AAGKP2zOxvb9q6tfkKnAgcaehuelknAsoXI/getUpdates "HTTP/1.1 200 OK"
2026-10-03 00:02:11,905 - httpx - INFO - HTTP Request: POST https://api.telegram.org/bot8565651889:AAGKP2zOxvb9q6tfkKnAgcaehuelknAsoXI/getUpdates "HTTP/1.1 200 OK"
2026-10-03 00:02:22,115 - httpx - INFO - HTTP Request: POST https://api.telegram.org/bot8565651889:AAGKP2zOxvb9q6tfkKnAgcaehuelknAsoXI/getUpdates "HTTP/1.1 200 OK"
2026-10-03 00:02:32,344 - httpx - INFO - HTTP Request: POST https://api.telegram.org/bot8565651889:AAGKP2zOxvb9q6tfkKnAgcaehuelknAsoXI/getUpdates "HTTP/1.1 200 OK"
2026-10-03 00:02:42,543 - httpx - INFO - HTTP Request: POST https://api.telegram.org/bot8565651889:AAGKP2zOxvb9q6tfkKnAgcaehuelknAsoXI/getUpdates "HTTP/1.1 200 OK"
2026-10-03 00:02:52,758 - httpx - INFO - HTTP Request: POST https://api.telegram.org/bot8565651889:AAGKP2zOxvb9q6tfkKnAgcaehuelknAsoXI/getUpdates "HTTP/1.1 200 OK"
2026-10-03 00:03:02,961 - httpx - INFO - HTTP Request: POST https://api.telegram.org/bot8565651889:AAGKP2zOxvb9q6tfkKnAgcaehuelknAsoXI/getUpdates "HTTP/1.1 200 OK"
2026-10-03 00:03:13,169 - httpx - INFO - HTTP Request: POST https://api.telegram.org/bot8565651889:AAGKP2zOxvb9q6tfkKnAgcaehuelknAsoXI/getUpdates "HTTP/1.1 200 OK"
2026-10-03 00:03:23,375 - httpx - INFO - HTTP Request: POST https://api.telegram.org/bot8565651889:AAGKP2zOxvb9q6tfkKnAgcaehuelknAsoXI/getUpdates "HTTP/1.1 200 OK"
2026-10-03 00:03:33,579 - httpx - INFO - HTTP Request: POST https://api.telegram.org/bot8565651889:AAGKP2zOxvb9q6tfkKnAgcaehuelknAsoXI/getUpdates "HTTP/1.1 200 OK"
2026-10-03 00:03:39,457 - httpx - INFO - HTTP Request: POST https://api.telegram.org/bot8565651889:AAGKP2zOxvb9q6tfkKnAgcaehuelknAsoXI/getUpdates "HTTP/1.1 200 OK"
2026-10-03 00:03:39,457 - telegram.ext.Application - INFO - Application is stopping. This might take a moment.
2026-10-03 00:03:39,464 - apscheduler.scheduler - INFO - Scheduler has been shut down
2026-10-03 00:03:39,465 - telegram.ext.Application - INFO - Application.stop() complete
2026-10-03 00:09:13,427 - XAUUSD_Bot - INFO - Starting XAUUSD AI Signal Bot System...
2026-10-03 00:09:18,964 - XAUUSD_Bot - INFO - Auto-resolved symbol 'XAUUSD' -> 'XAUUSDm'
2026-10-03 00:09:18,964 - XAUUSD_Bot - INFO - MT5 Connected successfully. Active Symbol: XAUUSDm
2026-10-03 00:09:19,461 - apscheduler.scheduler - INFO - Adding job tentatively -- it will be properly scheduled when the scheduler starts
2026-10-03 00:09:19,461 - XAUUSD_Bot - INFO - Bot application and JobQueue configured successfully. Starting polling...
2026-10-03 00:09:20,216 - httpx - INFO - HTTP Request: POST https://api.telegram.org/bot8565651889:AAGKP2zOxvb9q6tfkKnAgcaehuelknAsoXI/getMe "HTTP/1.1 200 OK"
2026-10-03 00:09:20,412 - httpx - INFO - HTTP Request: POST https://api.telegram.org/bot8565651889:AAGKP2zOxvb9q6tfkKnAgcaehuelknAsoXI/deleteWebhook "HTTP/1.1 200 OK"
2026-10-03 00:09:20,412 - apscheduler.scheduler - INFO - Added job "XAUUSD_15M_SIGNAL_JOB" to job store "default"
2026-10-03 00:09:20,412 - apscheduler.scheduler - INFO - Scheduler started
2026-10-03 00:09:20,412 - telegram.ext.Application - INFO - Application started
2026-10-03 00:09:21,043 - httpx - INFO - HTTP Request: POST https://api.telegram.org/bot8565651889:AAGKP2zOxvb9q6tfkKnAgcaehuelknAsoXI/getUpdates "HTTP/1.1 200 OK"
2026-10-03 00:09:21,434 - httpx - INFO - HTTP Request: POST https://api.telegram.org/bot8565651889:AAGKP2zOxvb9q6tfkKnAgcaehuelknAsoXI/sendMessage "HTTP/1.1 200 OK"
2026-10-03 00:09:22,037 - httpx - INFO - HTTP Request: POST https://api.telegram.org/bot8565651889:AAGKP2zOxvb9q6tfkKnAgcaehuelknAsoXI/sendMessage "HTTP/1.1 200 OK"
2026-10-03 00:09:29,472 - apscheduler.executors.default - INFO - Running job "XAUUSD_15M_SIGNAL_JOB (trigger: interval[0:15:00], next run at: 2026-10-02 17:24:29 UTC)" (scheduled at 2026-10-02 17:09:29.456238+00:00)
2026-10-03 00:09:29,476 - XAUUSD_Bot - INFO - Running scheduled market analysis on XAUUSDm...
2026-10-03 00:09:29,478 - XAUUSD_Bot - INFO - Market scan completed. Status: No entry condition met on closed candle
2026-10-03 00:09:29,478 - apscheduler.executors.default - INFO - Job "XAUUSD_15M_SIGNAL_JOB (trigger: interval[0:15:00], next run at: 2026-10-02 17:24:29 UTC)" executed successfully
2026-10-03 00:09:31,257 - httpx - INFO - HTTP Request: POST https://api.telegram.org/bot8565651889:AAGKP2zOxvb9q6tfkKnAgcaehuelknAsoXI/getUpdates "HTTP/1.1 200 OK"
2026-10-03 00:09:41,457 - httpx - INFO - HTTP Request: POST https://api.telegram.org/bot8565651889:AAGKP2zOxvb9q6tfkKnAgcaehuelknAsoXI/getUpdates "HTTP/1.1 200 OK"
2026-10-03 00:09:51,674 - httpx - INFO - HTTP Request: POST https://api.telegram.org/bot8565651889:AAGKP2zOxvb9q6tfkKnAgcaehuelknAsoXI/getUpdates "HTTP/1.1 200 OK"
2026-10-03 00:09:55,151 - httpx - INFO - HTTP Request: POST https://api.telegram.org/bot8565651889:AAGKP2zOxvb9q6tfkKnAgcaehuelknAsoXI/getUpdates "HTTP/1.1 200 OK"
2026-10-03 00:09:55,923 - httpx - INFO - HTTP Request: POST https://api.telegram.org/bot8565651889:AAGKP2zOxvb9q6tfkKnAgcaehuelknAsoXI/sendMessage "HTTP/1.1 200 OK"
2026-10-03 00:10:01,872 - httpx - INFO - HTTP Request: POST https://api.telegram.org/bot8565651889:AAGKP2zOxvb9q6tfkKnAgcaehuelknAsoXI/getUpdates "HTTP/1.1 200 OK"
2026-10-03 00:10:02,672 - httpx - INFO - HTTP Request: POST https://api.telegram.org/bot8565651889:AAGKP2zOxvb9q6tfkKnAgcaehuelknAsoXI/sendMessage "HTTP/1.1 200 OK"
2026-10-03 00:10:08,749 - httpx - INFO - HTTP Request: POST https://api.telegram.org/bot8565651889:AAGKP2zOxvb9q6tfkKnAgcaehuelknAsoXI/getUpdates "HTTP/1.1 200 OK"
2026-10-03 00:10:09,540 - httpx - INFO - HTTP Request: POST https://api.telegram.org/bot8565651889:AAGKP2zOxvb9q6tfkKnAgcaehuelknAsoXI/sendMessage "HTTP/1.1 200 OK"
2026-10-03 00:10:18,965 - httpx - INFO - HTTP Request: POST https://api.telegram.org/bot8565651889:AAGKP2zOxvb9q6tfkKnAgcaehuelknAsoXI/getUpdates "HTTP/1.1 200 OK"
2026-10-03 00:10:29,173 - httpx - INFO - HTTP Request: POST https://api.telegram.org/bot8565651889:AAGKP2zOxvb9q6tfkKnAgcaehuelknAsoXI/getUpdates "HTTP/1.1 200 OK"
2026-10-03 00:10:39,375 - httpx - INFO - HTTP Request: POST https://api.telegram.org/bot8565651889:AAGKP2zOxvb9q6tfkKnAgcaehuelknAsoXI/getUpdates "HTTP/1.1 200 OK"
2026-10-03 00:10:49,588 - httpx - INFO - HTTP Request: POST https://api.telegram.org/bot8565651889:AAGKP2zOxvb9q6tfkKnAgcaehuelknAsoXI/getUpdates "HTTP/1.1 200 OK"
2026-10-03 00:10:59,804 - httpx - INFO - HTTP Request: POST https://api.telegram.org/bot8565651889:AAGKP2zOxvb9q6tfkKnAgcaehuelknAsoXI/getUpdates "HTTP/1.1 200 OK"
2026-10-03 00:11:10,014 - httpx - INFO - HTTP Request: POST https://api.telegram.org/bot8565651889:AAGKP2zOxvb9q6tfkKnAgcaehuelknAsoXI/getUpdates "HTTP/1.1 200 OK"
2026-10-03 00:11:20,222 - httpx - INFO - HTTP Request: POST https://api.telegram.org/bot8565651889:AAGKP2zOxvb9q6tfkKnAgcaehuelknAsoXI/getUpdates "HTTP/1.1 200 OK"
2026-10-03 00:11:30,433 - httpx - INFO - HTTP Request: POST https://api.telegram.org/bot8565651889:AAGKP2zOxvb9q6tfkKnAgcaehuelknAsoXI/getUpdates "HTTP/1.1 200 OK"
2026-10-03 00:11:40,656 - httpx - INFO - HTTP Request: POST https://api.telegram.org/bot8565651889:AAGKP2zOxvb9q6tfkKnAgcaehuelknAsoXI/getUpdates "HTTP/1.1 200 OK"
2026-10-03 00:11:50,887 - httpx - INFO - HTTP Request: POST https://api.telegram.org/bot8565651889:AAGKP2zOxvb9q6tfkKnAgcaehuelknAsoXI/getUpdates "HTTP/1.1 200 OK"
2026-10-03 00:12:01,098 - httpx - INFO - HTTP Request: POST https://api.telegram.org/bot8565651889:AAGKP2zOxvb9q6tfkKnAgcaehuelknAsoXI/getUpdates "HTTP/1.1 200 OK"
2026-10-03 00:12:11,308 - httpx - INFO - HTTP Request: POST https://api.telegram.org/bot8565651889:AAGKP2zOxvb9q6tfkKnAgcaehuelknAsoXI/getUpdates "HTTP/1.1 200 OK"
2026-10-03 00:12:16,740 - httpx - INFO - HTTP Request: POST https://api.telegram.org/bot8565651889:AAGKP2zOxvb9q6tfkKnAgcaehuelknAsoXI/getUpdates "HTTP/1.1 200 OK"
2026-10-03 00:12:17,587 - httpx - INFO - HTTP Request: POST https://api.telegram.org/bot8565651889:AAGKP2zOxvb9q6tfkKnAgcaehuelknAsoXI/sendMessage "HTTP/1.1 200 OK"
2026-10-03 00:12:27,007 - httpx - INFO - HTTP Request: POST https://api.telegram.org/bot8565651889:AAGKP2zOxvb9q6tfkKnAgcaehuelknAsoXI/getUpdates "HTTP/1.1 200 OK"
2026-10-03 00:12:37,217 - httpx - INFO - HTTP Request: POST https://api.telegram.org/bot8565651889:AAGKP2zOxvb9q6tfkKnAgcaehuelknAsoXI/getUpdates "HTTP/1.1 200 OK"
2026-10-03 00:12:47,425 - httpx - INFO - HTTP Request: POST https://api.telegram.org/bot8565651889:AAGKP2zOxvb9q6tfkKnAgcaehuelknAsoXI/getUpdates "HTTP/1.1 200 OK"
2026-10-03 00:12:53,275 - httpx - INFO - HTTP Request: POST https://api.telegram.org/bot8565651889:AAGKP2zOxvb9q6tfkKnAgcaehuelknAsoXI/getUpdates "HTTP/1.1 200 OK"
2026-10-03 00:12:54,070 - httpx - INFO - HTTP Request: POST https://api.telegram.org/bot8565651889:AAGKP2zOxvb9q6tfkKnAgcaehuelknAsoXI/sendMessage "HTTP/1.1 200 OK"
2026-10-03 00:13:03,491 - httpx - INFO - HTTP Request: POST https://api.telegram.org/bot8565651889:AAGKP2zOxvb9q6tfkKnAgcaehuelknAsoXI/getUpdates "HTTP/1.1 200 OK"
2026-10-03 00:13:13,701 - httpx - INFO - HTTP Request: POST https://api.telegram.org/bot8565651889:AAGKP2zOxvb9q6tfkKnAgcaehuelknAsoXI/getUpdates "HTTP/1.1 200 OK"
2026-10-03 00:13:23,919 - httpx - INFO - HTTP Request: POST https://api.telegram.org/bot8565651889:AAGKP2zOxvb9q6tfkKnAgcaehuelknAsoXI/getUpdates "HTTP/1.1 200 OK"
2026-10-03 00:13:34,129 - httpx - INFO - HTTP Request: POST https://api.telegram.org/bot8565651889:AAGKP2zOxvb9q6tfkKnAgcaehuelknAsoXI/getUpdates "HTTP/1.1 200 OK"
2026-10-03 00:13:44,354 - httpx - INFO - HTTP Request: POST https://api.telegram.org/bot8565651889:AAGKP2zOxvb9q6tfkKnAgcaehuelknAsoXI/getUpdates "HTTP/1.1 200 OK"
2026-10-03 00:13:54,566 - httpx - INFO - HTTP Request: POST https://api.telegram.org/bot8565651889:AAGKP2zOxvb9q6tfkKnAgcaehuelknAsoXI/getUpdates "HTTP/1.1 200 OK"
2026-10-03 00:14:04,774 - httpx - INFO - HTTP Request: POST https://api.telegram.org/bot8565651889:AAGKP2zOxvb9q6tfkKnAgcaehuelknAsoXI/getUpdates "HTTP/1.1 200 OK"
2026-10-03 00:14:15,000 - httpx - INFO - HTTP Request: POST https://api.telegram.org/bot8565651889:AAGKP2zOxvb9q6tfkKnAgcaehuelknAsoXI/getUpdates "HTTP/1.1 200 OK"
2026-10-03 00:14:25,223 - httpx - INFO - HTTP Request: POST https://api.telegram.org/bot8565651889:AAGKP2zOxvb9q6tfkKnAgcaehuelknAsoXI/getUpdates "HTTP/1.1 200 OK"
2026-10-03 00:14:35,480 - httpx - INFO - HTTP Request: POST https://api.telegram.org/bot8565651889:AAGKP2zOxvb9q6tfkKnAgcaehuelknAsoXI/getUpdates "HTTP/1.1 200 OK"
2026-10-03 00:14:45,722 - httpx - INFO - HTTP Request: POST https://api.telegram.org/bot8565651889:AAGKP2zOxvb9q6tfkKnAgcaehuelknAsoXI/getUpdates "HTTP/1.1 200 OK"
2026-10-03 00:20:28,368 - XAUUSD_Bot - INFO - Starting XAUUSD AI Signal Bot System...
2026-10-03 00:20:32,861 - XAUUSD_Bot - INFO - Auto-resolved symbol 'XAUUSD' -> 'XAUUSDm'
2026-10-03 00:20:32,861 - XAUUSD_Bot - INFO - MT5 Connected successfully. Active Symbol: XAUUSDm
2026-10-03 00:20:36,386 - apscheduler.scheduler - INFO - Adding job tentatively -- it will be properly scheduled when the scheduler starts
2026-10-03 00:20:36,386 - XAUUSD_Bot - INFO - Bot application and JobQueue configured successfully. Starting polling...
2026-10-03 00:20:37,134 - httpx - INFO - HTTP Request: POST https://api.telegram.org/bot8565651889:AAGKP2zOxvb9q6tfkKnAgcaehuelknAsoXI/getMe "HTTP/1.1 200 OK"
2026-10-03 00:20:37,380 - httpx - INFO - HTTP Request: POST https://api.telegram.org/bot8565651889:AAGKP2zOxvb9q6tfkKnAgcaehuelknAsoXI/deleteWebhook "HTTP/1.1 200 OK"
2026-10-03 00:20:37,388 - apscheduler.scheduler - INFO - Added job "XAUUSD_15M_SIGNAL_JOB" to job store "default"
2026-10-03 00:20:37,388 - apscheduler.scheduler - INFO - Scheduler started
2026-10-03 00:20:37,388 - telegram.ext.Application - INFO - Application started
2026-10-03 00:20:46,408 - apscheduler.executors.default - INFO - Running job "XAUUSD_15M_SIGNAL_JOB (trigger: interval[0:15:00], next run at: 2026-10-02 17:35:46 UTC)" (scheduled at 2026-10-02 17:20:46.386135+00:00)
2026-10-03 00:20:46,409 - XAUUSD_Bot - INFO - Running scheduled market analysis on XAUUSDm...
2026-10-03 00:20:46,503 - XAUUSD_Bot - INFO - Market scan completed. Status: No entry condition met on closed candle
2026-10-03 00:20:46,503 - apscheduler.executors.default - INFO - Job "XAUUSD_15M_SIGNAL_JOB (trigger: interval[0:15:00], next run at: 2026-10-02 17:35:46 UTC)" executed successfully
2026-10-03 00:20:47,989 - httpx - INFO - HTTP Request: POST https://api.telegram.org/bot8565651889:AAGKP2zOxvb9q6tfkKnAgcaehuelknAsoXI/getUpdates "HTTP/1.1 200 OK"
2026-10-03 00:20:58,201 - httpx - INFO - HTTP Request: POST https://api.telegram.org/bot8565651889:AAGKP2zOxvb9q6tfkKnAgcaehuelknAsoXI/getUpdates "HTTP/1.1 200 OK"
2026-10-03 00:21:08,397 - httpx - INFO - HTTP Request: POST https://api.telegram.org/bot8565651889:AAGKP2zOxvb9q6tfkKnAgcaehuelknAsoXI/getUpdates "HTTP/1.1 200 OK"
2026-10-03 00:21:18,596 - httpx - INFO - HTTP Request: POST https://api.telegram.org/bot8565651889:AAGKP2zOxvb9q6tfkKnAgcaehuelknAsoXI/getUpdates "HTTP/1.1 200 OK"
2026-10-03 00:21:28,785 - httpx - INFO - HTTP Request: POST https://api.telegram.org/bot8565651889:AAGKP2zOxvb9q6tfkKnAgcaehuelknAsoXI/getUpdates "HTTP/1.1 200 OK"
2026-10-03 00:21:38,990 - httpx - INFO - HTTP Request: POST https://api.telegram.org/bot8565651889:AAGKP2zOxvb9q6tfkKnAgcaehuelknAsoXI/getUpdates "HTTP/1.1 200 OK"
2026-10-03 00:21:49,262 - httpx - INFO - HTTP Request: POST https://api.telegram.org/bot8565651889:AAGKP2zOxvb9q6tfkKnAgcaehuelknAsoXI/getUpdates "HTTP/1.1 200 OK"
2026-10-03 00:21:59,463 - httpx - INFO - HTTP Request: POST https://api.telegram.org/bot8565651889:AAGKP2zOxvb9q6tfkKnAgcaehuelknAsoXI/getUpdates "HTTP/1.1 200 OK"
2026-10-03 00:22:02,480 - httpx - INFO - HTTP Request: POST https://api.telegram.org/bot8565651889:AAGKP2zOxvb9q6tfkKnAgcaehuelknAsoXI/getUpdates "HTTP/1.1 200 OK"
2026-10-03 00:22:03,377 - httpx - INFO - HTTP Request: POST https://api.telegram.org/bot8565651889:AAGKP2zOxvb9q6tfkKnAgcaehuelknAsoXI/sendMessage "HTTP/1.1 200 OK"
2026-10-03 00:22:06,062 - httpx - INFO - HTTP Request: POST https://api.telegram.org/bot8565651889:AAGKP2zOxvb9q6tfkKnAgcaehuelknAsoXI/getUpdates "HTTP/1.1 200 OK"
2026-10-03 00:22:06,462 - httpx - INFO - HTTP Request: POST https://api.telegram.org/bot8565651889:AAGKP2zOxvb9q6tfkKnAgcaehuelknAsoXI/sendMessage "HTTP/1.1 200 OK"
2026-10-03 00:22:16,282 - httpx - INFO - HTTP Request: POST https://api.telegram.org/bot8565651889:AAGKP2zOxvb9q6tfkKnAgcaehuelknAsoXI/getUpdates "HTTP/1.1 200 OK"
2026-10-03 00:22:26,544 - httpx - INFO - HTTP Request: POST https://api.telegram.org/bot8565651889:AAGKP2zOxvb9q6tfkKnAgcaehuelknAsoXI/getUpdates "HTTP/1.1 200 OK"
2026-10-03 00:22:36,782 - httpx - INFO - HTTP Request: POST https://api.telegram.org/bot8565651889:AAGKP2zOxvb9q6tfkKnAgcaehuelknAsoXI/getUpdates "HTTP/1.1 200 OK"
2026-10-03 00:22:46,983 - httpx - INFO - HTTP Request: POST https://api.telegram.org/bot8565651889:AAGKP2zOxvb9q6tfkKnAgcaehuelknAsoXI/getUpdates "HTTP/1.1 200 OK"
2026-10-03 00:22:57,177 - httpx - INFO - HTTP Request: POST https://api.telegram.org/bot8565651889:AAGKP2zOxvb9q6tfkKnAgcaehuelknAsoXI/getUpdates "HTTP/1.1 200 OK"
2026-10-03 00:23:00,131 - httpx - INFO - HTTP Request: POST https://api.telegram.org/bot8565651889:AAGKP2zOxvb9q6tfkKnAgcaehuelknAsoXI/getUpdates "HTTP/1.1 200 OK"
2026-10-03 00:23:01,060 - httpx - INFO - HTTP Request: POST https://api.telegram.org/bot8565651889:AAGKP2zOxvb9q6tfkKnAgcaehuelknAsoXI/sendMessage "HTTP/1.1 200 OK"
2026-10-03 00:23:10,354 - httpx - INFO - HTTP Request: POST https://api.telegram.org/bot8565651889:AAGKP2zOxvb9q6tfkKnAgcaehuelknAsoXI/getUpdates "HTTP/1.1 200 OK"
2026-10-03 00:23:12,157 - httpx - INFO - HTTP Request: POST https://api.telegram.org/bot8565651889:AAGKP2zOxvb9q6tfkKnAgcaehuelknAsoXI/getUpdates "HTTP/1.1 200 OK"
2026-10-03 00:23:12,957 - httpx - INFO - HTTP Request: POST https://api.telegram.org/bot8565651889:AAGKP2zOxvb9q6tfkKnAgcaehuelknAsoXI/sendMessage "HTTP/1.1 200 OK"
2026-10-03 00:23:22,408 - httpx - INFO - HTTP Request: POST https://api.telegram.org/bot8565651889:AAGKP2zOxvb9q6tfkKnAgcaehuelknAsoXI/getUpdates "HTTP/1.1 200 OK"
2026-10-03 00:23:32,595 - httpx - INFO - HTTP Request: POST https://api.telegram.org/bot8565651889:AAGKP2zOxvb9q6tfkKnAgcaehuelknAsoXI/getUpdates "HTTP/1.1 200 OK"
2026-10-03 00:23:42,792 - httpx - INFO - HTTP Request: POST https://api.telegram.org/bot8565651889:AAGKP2zOxvb9q6tfkKnAgcaehuelknAsoXI/getUpdates "HTTP/1.1 200 OK"
2026-10-03 00:23:52,986 - httpx - INFO - HTTP Request: POST https://api.telegram.org/bot8565651889:AAGKP2zOxvb9q6tfkKnAgcaehuelknAsoXI/getUpdates "HTTP/1.1 200 OK"
2026-10-03 00:24:03,191 - httpx - INFO - HTTP Request: POST https://api.telegram.org/bot8565651889:AAGKP2zOxvb9q6tfkKnAgcaehuelknAsoXI/getUpdates "HTTP/1.1 200 OK"
2026-10-03 00:24:13,381 - httpx - INFO - HTTP Request: POST https://api.telegram.org/bot8565651889:AAGKP2zOxvb9q6tfkKnAgcaehuelknAsoXI/getUpdates "HTTP/1.1 200 OK"
2026-10-03 00:24:23,570 - httpx - INFO - HTTP Request: POST https://api.telegram.org/bot8565651889:AAGKP2zOxvb9q6tfkKnAgcaehuelknAsoXI/getUpdates "HTTP/1.1 200 OK"
2026-10-03 00:24:33,779 - httpx - INFO - HTTP Request: POST https://api.telegram.org/bot8565651889:AAGKP2zOxvb9q6tfkKnAgcaehuelknAsoXI/getUpdates "HTTP/1.1 200 OK"
2026-10-03 00:24:43,973 - httpx - INFO - HTTP Request: POST https://api.telegram.org/bot8565651889:AAGKP2zOxvb9q6tfkKnAgcaehuelknAsoXI/getUpdates "HTTP/1.1 200 OK"
2026-10-03 00:24:54,169 - httpx - INFO - HTTP Request: POST https://api.telegram.org/bot8565651889:AAGKP2zOxvb9q6tfkKnAgcaehuelknAsoXI/getUpdates "HTTP/1.1 200 OK"
2026-10-03 00:25:04,364 - httpx - INFO - HTTP Request: POST https://api.telegram.org/bot8565651889:AAGKP2zOxvb9q6tfkKnAgcaehuelknAsoXI/getUpdates "HTTP/1.1 200 OK"
2026-10-03 00:25:14,578 - httpx - INFO - HTTP Request: POST https://api.telegram.org/bot8565651889:AAGKP2zOxvb9q6tfkKnAgcaehuelknAsoXI/getUpdates "HTTP/1.1 200 OK"
2026-10-03 00:25:23,104 - httpx - INFO - HTTP Request: POST https://api.telegram.org/bot8565651889:AAGKP2zOxvb9q6tfkKnAgcaehuelknAsoXI/getUpdates "HTTP/1.1 200 OK"
2026-10-03 00:25:23,994 - httpx - INFO - HTTP Request: POST https://api.telegram.org/bot8565651889:AAGKP2zOxvb9q6tfkKnAgcaehuelknAsoXI/sendMessage "HTTP/1.1 200 OK"
2026-10-03 00:25:33,321 - httpx - INFO - HTTP Request: POST https://api.telegram.org/bot8565651889:AAGKP2zOxvb9q6tfkKnAgcaehuelknAsoXI/getUpdates "HTTP/1.1 200 OK"
2026-10-03 00:25:43,567 - httpx - INFO - HTTP Request: POST https://api.telegram.org/bot8565651889:AAGKP2zOxvb9q6tfkKnAgcaehuelknAsoXI/getUpdates "HTTP/1.1 200 OK"
2026-10-03 00:25:53,760 - httpx - INFO - HTTP Request: POST https://api.telegram.org/bot8565651889:AAGKP2zOxvb9q6tfkKnAgcaehuelknAsoXI/getUpdates "HTTP/1.1 200 OK"
2026-10-03 00:26:03,950 - httpx - INFO - HTTP Request: POST https://api.telegram.org/bot8565651889:AAGKP2zOxvb9q6tfkKnAgcaehuelknAsoXI/getUpdates "HTTP/1.1 200 OK"
2026-10-03 00:26:14,186 - httpx - INFO - HTTP Request: POST https://api.telegram.org/bot8565651889:AAGKP2zOxvb9q6tfkKnAgcaehuelknAsoXI/getUpdates "HTTP/1.1 200 OK"
2026-10-03 00:26:24,369 - httpx - INFO - HTTP Request: POST https://api.telegram.org/bot8565651889:AAGKP2zOxvb9q6tfkKnAgcaehuelknAsoXI/getUpdates "HTTP/1.1 200 OK"
2026-10-03 00:26:34,565 - httpx - INFO - HTTP Request: POST https://api.telegram.org/bot8565651889:AAGKP2zOxvb9q6tfkKnAgcaehuelknAsoXI/getUpdates "HTTP/1.1 200 OK"
2026-10-03 00:26:44,766 - httpx - INFO - HTTP Request: POST https://api.telegram.org/bot8565651889:AAGKP2zOxvb9q6tfkKnAgcaehuelknAsoXI/getUpdates "HTTP/1.1 200 OK"
2026-10-03 00:26:54,965 - httpx - INFO - HTTP Request: POST https://api.telegram.org/bot8565651889:AAGKP2zOxvb9q6tfkKnAgcaehuelknAsoXI/getUpdates "HTTP/1.1 200 OK"
2026-10-03 00:27:05,160 - httpx - INFO - HTTP Request: POST https://api.telegram.org/bot8565651889:AAGKP2zOxvb9q6tfkKnAgcaehuelknAsoXI/getUpdates "HTTP/1.1 200 OK"
2026-10-03 00:27:15,400 - httpx - INFO - HTTP Request: POST https://api.telegram.org/bot8565651889:AAGKP2zOxvb9q6tfkKnAgcaehuelknAsoXI/getUpdates "HTTP/1.1 200 OK"
2026-10-03 00:27:25,593 - httpx - INFO - HTTP Request: POST https://api.telegram.org/bot8565651889:AAGKP2zOxvb9q6tfkKnAgcaehuelknAsoXI/getUpdates "HTTP/1.1 200 OK"
2026-10-03 00:27:35,787 - httpx - INFO - HTTP Request: POST https://api.telegram.org/bot8565651889:AAGKP2zOxvb9q6tfkKnAgcaehuelknAsoXI/getUpdates "HTTP/1.1 200 OK"
2026-10-03 00:27:45,981 - httpx - INFO - HTTP Request: POST https://api.telegram.org/bot8565651889:AAGKP2zOxvb9q6tfkKnAgcaehuelknAsoXI/getUpdates "HTTP/1.1 200 OK"
2026-10-03 00:27:56,182 - httpx - INFO - HTTP Request: POST https://api.telegram.org/bot8565651889:AAGKP2zOxvb9q6tfkKnAgcaehuelknAsoXI/getUpdates "HTTP/1.1 200 OK"
2026-10-03 00:28:06,379 - httpx - INFO - HTTP Request: POST https://api.telegram.org/bot8565651889:AAGKP2zOxvb9q6tfkKnAgcaehuelknAsoXI/getUpdates "HTTP/1.1 200 OK"
2026-10-03 00:28:16,565 - httpx - INFO - HTTP Request: POST https://api.telegram.org/bot8565651889:AAGKP2zOxvb9q6tfkKnAgcaehuelknAsoXI/getUpdates "HTTP/1.1 200 OK"
2026-10-03 00:28:26,797 - httpx - INFO - HTTP Request: POST https://api.telegram.org/bot8565651889:AAGKP2zOxvb9q6tfkKnAgcaehuelknAsoXI/getUpdates "HTTP/1.1 200 OK"
2026-10-03 00:28:37,003 - httpx - INFO - HTTP Request: POST https://api.telegram.org/bot8565651889:AAGKP2zOxvb9q6tfkKnAgcaehuelknAsoXI/getUpdates "HTTP/1.1 200 OK"
2026-10-03 00:28:47,196 - httpx - INFO - HTTP Request: POST https://api.telegram.org/bot8565651889:AAGKP2zOxvb9q6tfkKnAgcaehuelknAsoXI/getUpdates "HTTP/1.1 200 OK"
2026-10-03 00:28:57,388 - httpx - INFO - HTTP Request: POST https://api.telegram.org/bot8565651889:AAGKP2zOxvb9q6tfkKnAgcaehuelknAsoXI/getUpdates "HTTP/1.1 200 OK"
2026-10-03 00:29:07,581 - httpx - INFO - HTTP Request: POST https://api.telegram.org/bot8565651889:AAGKP2zOxvb9q6tfkKnAgcaehuelknAsoXI/getUpdates "HTTP/1.1 200 OK"
2026-10-03 00:29:17,776 - httpx - INFO - HTTP Request: POST https://api.telegram.org/bot8565651889:AAGKP2zOxvb9q6tfkKnAgcaehuelknAsoXI/getUpdates "HTTP/1.1 200 OK"
2026-10-03 00:29:27,967 - httpx - INFO - HTTP Request: POST https://api.telegram.org/bot8565651889:AAGKP2zOxvb9q6tfkKnAgcaehuelknAsoXI/getUpdates "HTTP/1.1 200 OK"
2026-10-03 00:29:38,159 - httpx - INFO - HTTP Request: POST https://api.telegram.org/bot8565651889:AAGKP2zOxvb9q6tfkKnAgcaehuelknAsoXI/getUpdates "HTTP/1.1 200 OK"
2026-10-03 00:29:48,355 - httpx - INFO - HTTP Request: POST https://api.telegram.org/bot8565651889:AAGKP2zOxvb9q6tfkKnAgcaehuelknAsoXI/getUpdates "HTTP/1.1 200 OK"
2026-10-03 00:29:58,550 - httpx - INFO - HTTP Request: POST https://api.telegram.org/bot8565651889:AAGKP2zOxvb9q6tfkKnAgcaehuelknAsoXI/getUpdates "HTTP/1.1 200 OK"
2026-10-03 00:30:08,750 - httpx - INFO - HTTP Request: POST https://api.telegram.org/bot8565651889:AAGKP2zOxvb9q6tfkKnAgcaehuelknAsoXI/getUpdates "HTTP/1.1 200 OK"
2026-10-03 00:30:18,944 - httpx - INFO - HTTP Request: POST https://api.telegram.org/bot8565651889:AAGKP2zOxvb9q6tfkKnAgcaehuelknAsoXI/getUpdates "HTTP/1.1 200 OK"
2026-10-03 00:30:29,137 - httpx - INFO - HTTP Request: POST https://api.telegram.org/bot8565651889:AAGKP2zOxvb9q6tfkKnAgcaehuelknAsoXI/getUpdates "HTTP/1.1 200 OK"
2026-10-03 00:30:39,328 - httpx - INFO - HTTP Request: POST https://api.telegram.org/bot8565651889:AAGKP2zOxvb9q6tfkKnAgcaehuelknAsoXI/getUpdates "HTTP/1.1 200 OK"
2026-10-03 00:30:49,586 - httpx - INFO - HTTP Request: POST https://api.telegram.org/bot8565651889:AAGKP2zOxvb9q6tfkKnAgcaehuelknAsoXI/getUpdates "HTTP/1.1 200 OK"
2026-10-03 00:30:59,780 - httpx - INFO - HTTP Request: POST https://api.telegram.org/bot8565651889:AAGKP2zOxvb9q6tfkKnAgcaehuelknAsoXI/getUpdates "HTTP/1.1 200 OK"
2026-10-03 00:31:09,976 - httpx - INFO - HTTP Request: POST https://api.telegram.org/bot8565651889:AAGKP2zOxvb9q6tfkKnAgcaehuelknAsoXI/getUpdates "HTTP/1.1 200 OK"
2026-10-03 00:31:20,165 - httpx - INFO - HTTP Request: POST https://api.telegram.org/bot8565651889:AAGKP2zOxvb9q6tfkKnAgcaehuelknAsoXI/getUpdates "HTTP/1.1 200 OK"
2026-10-03 00:31:30,352 - httpx - INFO - HTTP Request: POST https://api.telegram.org/bot8565651889:AAGKP2zOxvb9q6tfkKnAgcaehuelknAsoXI/getUpdates "HTTP/1.1 200 OK"
2026-10-03 00:31:40,548 - httpx - INFO - HTTP Request: POST https://api.telegram.org/bot8565651889:AAGKP2zOxvb9q6tfkKnAgcaehuelknAsoXI/getUpdates "HTTP/1.1 200 OK"
2026-10-03 00:31:50,782 - httpx - INFO - HTTP Request: POST https://api.telegram.org/bot8565651889:AAGKP2zOxvb9q6tfkKnAgcaehuelknAsoXI/getUpdates "HTTP/1.1 200 OK"
2026-10-03 00:32:00,971 - httpx - INFO - HTTP Request: POST https://api.telegram.org/bot8565651889:AAGKP2zOxvb9q6tfkKnAgcaehuelknAsoXI/getUpdates "HTTP/1.1 200 OK"
2026-10-03 00:32:11,259 - httpx - INFO - HTTP Request: POST https://api.telegram.org/bot8565651889:AAGKP2zOxvb9q6tfkKnAgcaehuelknAsoXI/getUpdates "HTTP/1.1 200 OK"
2026-10-03 00:32:21,477 - httpx - INFO - HTTP Request: POST https://api.telegram.org/bot8565651889:AAGKP2zOxvb9q6tfkKnAgcaehuelknAsoXI/getUpdates "HTTP/1.1 200 OK"
2026-10-03 00:32:31,666 - httpx - INFO - HTTP Request: POST https://api.telegram.org/bot8565651889:AAGKP2zOxvb9q6tfkKnAgcaehuelknAsoXI/getUpdates "HTTP/1.1 200 OK"
2026-10-03 00:32:41,858 - httpx - INFO - HTTP Request: POST https://api.telegram.org/bot8565651889:AAGKP2zOxvb9q6tfkKnAgcaehuelknAsoXI/getUpdates "HTTP/1.1 200 OK"
2026-10-03 00:32:52,103 - httpx - INFO - HTTP Request: POST https://api.telegram.org/bot8565651889:AAGKP2zOxvb9q6tfkKnAgcaehuelknAsoXI/getUpdates "HTTP/1.1 200 OK"
2026-10-03 00:33:02,361 - httpx - INFO - HTTP Request: POST https://api.telegram.org/bot8565651889:AAGKP2zOxvb9q6tfkKnAgcaehuelknAsoXI/getUpdates "HTTP/1.1 200 OK"
2026-10-03 00:33:12,609 - httpx - INFO - HTTP Request: POST https://api.telegram.org/bot8565651889:AAGKP2zOxvb9q6tfkKnAgcaehuelknAsoXI/getUpdates "HTTP/1.1 200 OK"
2026-10-03 00:33:22,840 - httpx - INFO - HTTP Request: POST https://api.telegram.org/bot8565651889:AAGKP2zOxvb9q6tfkKnAgcaehuelknAsoXI/getUpdates "HTTP/1.1 200 OK"
2026-10-03 00:33:33,082 - httpx - INFO - HTTP Request: POST https://api.telegram.org/bot8565651889:AAGKP2zOxvb9q6tfkKnAgcaehuelknAsoXI/getUpdates "HTTP/1.1 200 OK"
2026-10-03 00:33:43,317 - httpx - INFO - HTTP Request: POST https://api.telegram.org/bot8565651889:AAGKP2zOxvb9q6tfkKnAgcaehuelknAsoXI/getUpdates "HTTP/1.1 200 OK"
2026-10-03 00:33:53,525 - httpx - INFO - HTTP Request: POST https://api.telegram.org/bot8565651889:AAGKP2zOxvb9q6tfkKnAgcaehuelknAsoXI/getUpdates "HTTP/1.1 200 OK"
2026-10-03 00:34:03,714 - httpx - INFO - HTTP Request: POST https://api.telegram.org/bot8565651889:AAGKP2zOxvb9q6tfkKnAgcaehuelknAsoXI/getUpdates "HTTP/1.1 200 OK"
2026-10-03 00:34:13,944 - httpx - INFO - HTTP Request: POST https://api.telegram.org/bot8565651889:AAGKP2zOxvb9q6tfkKnAgcaehuelknAsoXI/getUpdates "HTTP/1.1 200 OK"
2026-10-03 00:34:24,143 - httpx - INFO - HTTP Request: POST https://api.telegram.org/bot8565651889:AAGKP2zOxvb9q6tfkKnAgcaehuelknAsoXI/getUpdates "HTTP/1.1 200 OK"
2026-10-03 00:34:34,344 - httpx - INFO - HTTP Request: POST https://api.telegram.org/bot8565651889:AAGKP2zOxvb9q6tfkKnAgcaehuelknAsoXI/getUpdates "HTTP/1.1 200 OK"
2026-10-03 00:34:44,539 - httpx - INFO - HTTP Request: POST https://api.telegram.org/bot8565651889:AAGKP2zOxvb9q6tfkKnAgcaehuelknAsoXI/getUpdates "HTTP/1.1 200 OK"
2026-10-03 00:34:54,729 - httpx - INFO - HTTP Request: POST https://api.telegram.org/bot8565651889:AAGKP2zOxvb9q6tfkKnAgcaehuelknAsoXI/getUpdates "HTTP/1.1 200 OK"
2026-10-03 00:35:04,925 - httpx - INFO - HTTP Request: POST https://api.telegram.org/bot8565651889:AAGKP2zOxvb9q6tfkKnAgcaehuelknAsoXI/getUpdates "HTTP/1.1 200 OK"
2026-10-03 00:35:15,120 - httpx - INFO - HTTP Request: POST https://api.telegram.org/bot8565651889:AAGKP2zOxvb9q6tfkKnAgcaehuelknAsoXI/getUpdates "HTTP/1.1 200 OK"
2026-10-03 00:35:25,318 - httpx - INFO - HTTP Request: POST https://api.telegram.org/bot8565651889:AAGKP2zOxvb9q6tfkKnAgcaehuelknAsoXI/getUpdates "HTTP/1.1 200 OK"
2026-10-03 00:35:35,512 - httpx - INFO - HTTP Request: POST https://api.telegram.org/bot8565651889:AAGKP2zOxvb9q6tfkKnAgcaehuelknAsoXI/getUpdates "HTTP/1.1 200 OK"
2026-10-03 00:35:45,696 - httpx - INFO - HTTP Request: POST https://api.telegram.org/bot8565651889:AAGKP2zOxvb9q6tfkKnAgcaehuelknAsoXI/getUpdates "HTTP/1.1 200 OK"
2026-10-03 00:35:46,410 - apscheduler.executors.default - INFO - Running job "XAUUSD_15M_SIGNAL_JOB (trigger: interval[0:15:00], next run at: 2026-10-02 17:50:46 UTC)" (scheduled at 2026-10-02 17:35:46.386135+00:00)
2026-10-03 00:35:46,411 - XAUUSD_Bot - INFO - Running scheduled market analysis on XAUUSDm...
2026-10-03 00:35:46,468 - XAUUSD_Bot - INFO - Market scan completed. Status: No entry condition met on closed candle
2026-10-03 00:35:46,468 - apscheduler.executors.default - INFO - Job "XAUUSD_15M_SIGNAL_JOB (trigger: interval[0:15:00], next run at: 2026-10-02 17:50:46 UTC)" executed successfully
2026-10-03 00:35:56,039 - httpx - INFO - HTTP Request: POST https://api.telegram.org/bot8565651889:AAGKP2zOxvb9q6tfkKnAgcaehuelknAsoXI/getUpdates "HTTP/1.1 200 OK"
2026-10-03 00:36:06,232 - httpx - INFO - HTTP Request: POST https://api.telegram.org/bot8565651889:AAGKP2zOxvb9q6tfkKnAgcaehuelknAsoXI/getUpdates "HTTP/1.1 200 OK"
2026-10-03 00:36:16,425 - httpx - INFO - HTTP Request: POST https://api.telegram.org/bot8565651889:AAGKP2zOxvb9q6tfkKnAgcaehuelknAsoXI/getUpdates "HTTP/1.1 200 OK"
2026-10-03 00:36:26,646 - httpx - INFO - HTTP Request: POST https://api.telegram.org/bot8565651889:AAGKP2zOxvb9q6tfkKnAgcaehuelknAsoXI/getUpdates "HTTP/1.1 200 OK"
2026-10-03 00:36:36,896 - httpx - INFO - HTTP Request: POST https://api.telegram.org/bot8565651889:AAGKP2zOxvb9q6tfkKnAgcaehuelknAsoXI/getUpdates "HTTP/1.1 200 OK"
2026-10-03 00:36:47,094 - httpx - INFO - HTTP Request: POST https://api.telegram.org/bot8565651889:AAGKP2zOxvb9q6tfkKnAgcaehuelknAsoXI/getUpdates "HTTP/1.1 200 OK"
2026-10-03 00:36:57,280 - httpx - INFO - HTTP Request: POST https://api.telegram.org/bot8565651889:AAGKP2zOxvb9q6tfkKnAgcaehuelknAsoXI/getUpdates "HTTP/1.1 200 OK"
2026-10-03 00:37:07,517 - httpx - INFO - HTTP Request: POST https://api.telegram.org/bot8565651889:AAGKP2zOxvb9q6tfkKnAgcaehuelknAsoXI/getUpdates "HTTP/1.1 200 OK"
2026-10-03 00:37:17,712 - httpx - INFO - HTTP Request: POST https://api.telegram.org/bot8565651889:AAGKP2zOxvb9q6tfkKnAgcaehuelknAsoXI/getUpdates "HTTP/1.1 200 OK"
2026-10-03 00:37:27,907 - httpx - INFO - HTTP Request: POST https://api.telegram.org/bot8565651889:AAGKP2zOxvb9q6tfkKnAgcaehuelknAsoXI/getUpdates "HTTP/1.1 200 OK"
2026-10-03 00:37:38,116 - httpx - INFO - HTTP Request: POST https://api.telegram.org/bot8565651889:AAGKP2zOxvb9q6tfkKnAgcaehuelknAsoXI/getUpdates "HTTP/1.1 200 OK"
2026-10-03 00:37:48,315 - httpx - INFO - HTTP Request: POST https://api.telegram.org/bot8565651889:AAGKP2zOxvb9q6tfkKnAgcaehuelknAsoXI/getUpdates "HTTP/1.1 200 OK"
2026-10-03 00:37:58,509 - httpx - INFO - HTTP Request: POST https://api.telegram.org/bot8565651889:AAGKP2zOxvb9q6tfkKnAgcaehuelknAsoXI/getUpdates "HTTP/1.1 200 OK"
2026-10-03 00:38:08,743 - httpx - INFO - HTTP Request: POST https://api.telegram.org/bot8565651889:AAGKP2zOxvb9q6tfkKnAgcaehuelknAsoXI/getUpdates "HTTP/1.1 200 OK"
2026-10-03 00:38:18,990 - httpx - INFO - HTTP Request: POST https://api.telegram.org/bot8565651889:AAGKP2zOxvb9q6tfkKnAgcaehuelknAsoXI/getUpdates "HTTP/1.1 200 OK"
2026-10-03 00:38:26,564 - httpx - INFO - HTTP Request: POST https://api.telegram.org/bot8565651889:AAGKP2zOxvb9q6tfkKnAgcaehuelknAsoXI/getUpdates "HTTP/1.1 200 OK"
2026-10-03 00:38:27,496 - httpx - INFO - HTTP Request: POST https://api.telegram.org/bot8565651889:AAGKP2zOxvb9q6tfkKnAgcaehuelknAsoXI/sendMessage "HTTP/1.1 200 OK"
2026-10-03 00:38:36,774 - httpx - INFO - HTTP Request: POST https://api.telegram.org/bot8565651889:AAGKP2zOxvb9q6tfkKnAgcaehuelknAsoXI/getUpdates "HTTP/1.1 200 OK"
2026-10-03 00:38:46,970 - httpx - INFO - HTTP Request: POST https://api.telegram.org/bot8565651889:AAGKP2zOxvb9q6tfkKnAgcaehuelknAsoXI/getUpdates "HTTP/1.1 200 OK"
2026-10-03 00:38:57,157 - httpx - INFO - HTTP Request: POST https://api.telegram.org/bot8565651889:AAGKP2zOxvb9q6tfkKnAgcaehuelknAsoXI/getUpdates "HTTP/1.1 200 OK"
2026-10-03 00:39:07,357 - httpx - INFO - HTTP Request: POST https://api.telegram.org/bot8565651889:AAGKP2zOxvb9q6tfkKnAgcaehuelknAsoXI/getUpdates "HTTP/1.1 200 OK"
2026-10-03 00:39:17,556 - httpx - INFO - HTTP Request: POST https://api.telegram.org/bot8565651889:AAGKP2zOxvb9q6tfkKnAgcaehuelknAsoXI/getUpdates "HTTP/1.1 200 OK"
2026-10-03 00:39:27,806 - httpx - INFO - HTTP Request: POST https://api.telegram.org/bot8565651889:AAGKP2zOxvb9q6tfkKnAgcaehuelknAsoXI/getUpdates "HTTP/1.1 200 OK"
2026-10-03 00:39:38,006 - httpx - INFO - HTTP Request: POST https://api.telegram.org/bot8565651889:AAGKP2zOxvb9q6tfkKnAgcaehuelknAsoXI/getUpdates "HTTP/1.1 200 OK"
2026-10-03 00:39:48,198 - httpx - INFO - HTTP Request: POST https://api.telegram.org/bot8565651889:AAGKP2zOxvb9q6tfkKnAgcaehuelknAsoXI/getUpdates "HTTP/1.1 200 OK"
2026-10-03 00:39:58,391 - httpx - INFO - HTTP Request: POST https://api.telegram.org/bot8565651889:AAGKP2zOxvb9q6tfkKnAgcaehuelknAsoXI/getUpdates "HTTP/1.1 200 OK"
2026-10-03 00:40:08,585 - httpx - INFO - HTTP Request: POST https://api.telegram.org/bot8565651889:AAGKP2zOxvb9q6tfkKnAgcaehuelknAsoXI/getUpdates "HTTP/1.1 200 OK"
2026-10-03 00:40:18,779 - httpx - INFO - HTTP Request: POST https://api.telegram.org/bot8565651889:AAGKP2zOxvb9q6tfkKnAgcaehuelknAsoXI/getUpdates "HTTP/1.1 200 OK"
2026-10-03 00:40:28,973 - httpx - INFO - HTTP Request: POST https://api.telegram.org/bot8565651889:AAGKP2zOxvb9q6tfkKnAgcaehuelknAsoXI/getUpdates "HTTP/1.1 200 OK"
2026-10-03 00:40:39,184 - httpx - INFO - HTTP Request: POST https://api.telegram.org/bot8565651889:AAGKP2zOxvb9q6tfkKnAgcaehuelknAsoXI/getUpdates "HTTP/1.1 200 OK"
2026-10-03 00:40:49,375 - httpx - INFO - HTTP Request: POST https://api.telegram.org/bot8565651889:AAGKP2zOxvb9q6tfkKnAgcaehuelknAsoXI/getUpdates "HTTP/1.1 200 OK"
2026-10-03 00:40:59,561 - httpx - INFO - HTTP Request: POST https://api.telegram.org/bot8565651889:AAGKP2zOxvb9q6tfkKnAgcaehuelknAsoXI/getUpdates "HTTP/1.1 200 OK"
2026-10-03 00:41:09,803 - httpx - INFO - HTTP Request: POST https://api.telegram.org/bot8565651889:AAGKP2zOxvb9q6tfkKnAgcaehuelknAsoXI/getUpdates "HTTP/1.1 200 OK"
2026-10-03 00:41:20,041 - httpx - INFO - HTTP Request: POST https://api.telegram.org/bot8565651889:AAGKP2zOxvb9q6tfkKnAgcaehuelknAsoXI/getUpdates "HTTP/1.1 200 OK"
2026-10-03 00:41:30,282 - httpx - INFO - HTTP Request: POST https://api.telegram.org/bot8565651889:AAGKP2zOxvb9q6tfkKnAgcaehuelknAsoXI/getUpdates "HTTP/1.1 200 OK"
2026-10-03 00:41:40,472 - httpx - INFO - HTTP Request: POST https://api.telegram.org/bot8565651889:AAGKP2zOxvb9q6tfkKnAgcaehuelknAsoXI/getUpdates "HTTP/1.1 200 OK"
2026-10-03 00:41:50,675 - httpx - INFO - HTTP Request: POST https://api.telegram.org/bot8565651889:AAGKP2zOxvb9q6tfkKnAgcaehuelknAsoXI/getUpdates "HTTP/1.1 200 OK"
2026-10-03 00:42:00,893 - httpx - INFO - HTTP Request: POST https://api.telegram.org/bot8565651889:AAGKP2zOxvb9q6tfkKnAgcaehuelknAsoXI/getUpdates "HTTP/1.1 200 OK"
2026-10-03 00:42:11,079 - httpx - INFO - HTTP Request: POST https://api.telegram.org/bot8565651889:AAGKP2zOxvb9q6tfkKnAgcaehuelknAsoXI/getUpdates "HTTP/1.1 200 OK"
2026-10-03 00:42:14,883 - XAUUSD_Bot - INFO - Shutting down system & disconnecting MT5...
